// Jest Snapshot v1, https://goo.gl/fbAQLP

exports[`renders UI correctly 1`] = `
<View
  style={
    Object {
      "flex": 1,
    }
  }
>
  <RCTScrollView
    style={
      Object {
        "backgroundColor": "#F7F9FC",
        "flex": 1,
      }
    }
  >
    <View>
      <Modal
        hardwareAccelerated={false}
        transparent={true}
        visible={false}
      >
        <View
          style={
            Object {
              "alignItems": "center",
              "backgroundColor": "rgba(0,0,0,0.5)",
              "flex": 1,
              "justifyContent": "center",
            }
          }
        >
          <View
            style={
              Size {
                "height": 24,
                "width": 24,
              }
            }
          >
            <View
              style={
                Object {
                  "bottom": 0,
                  "height": 24,
                  "left": 0,
                  "position": "absolute",
                  "right": 0,
                  "top": 0,
                  "transform": Array [
                    Object {
                      "rotate": "45deg",
                    },
                  ],
                  "width": 24,
                }
              }
            >
              <View
                style={
                  Array [
                    Object {
                      "overflow": "hidden",
                    },
                    undefined,
                    Size {
                      "height": 12,
                      "width": 24,
                    },
                  ]
                }
              >
                <View
                  style={
                    Object {
                      "height": 24,
                      "transform": Array [
                        Object {
                          "rotate": "-165deg",
                        },
                      ],
                      "width": 24,
                    }
                  }
                >
                  <View
                    style={
                      Array [
                        Object {
                          "overflow": "hidden",
                        },
                        Size {
                          "height": 12,
                          "width": 24,
                        },
                      ]
                    }
                  >
                    <View
                      style={
                        Array [
                          Object {
                            "borderColor": "#008EED",
                            "borderRadius": 12,
                            "borderWidth": 3.4,
                            "height": 24,
                            "width": 24,
                          },
                          undefined,
                        ]
                      }
                    />
                  </View>
                </View>
              </View>
            </View>
            <View
              style={
                Object {
                  "bottom": 0,
                  "height": 24,
                  "left": 0,
                  "position": "absolute",
                  "right": 0,
                  "top": 0,
                  "transform": Array [
                    Object {
                      "rotate": "45deg",
                    },
                  ],
                  "width": 24,
                }
              }
            >
              <View
                style={
                  Array [
                    Object {
                      "overflow": "hidden",
                    },
                    Object {
                      "top": 12,
                    },
                    Size {
                      "height": 12,
                      "width": 24,
                    },
                  ]
                }
              >
                <View
                  style={
                    Object {
                      "height": 24,
                      "transform": Array [
                        Object {
                          "translateY": -12,
                        },
                        Object {
                          "rotate": "345deg",
                        },
                      ],
                      "width": 24,
                    }
                  }
                >
                  <View
                    style={
                      Array [
                        Object {
                          "overflow": "hidden",
                        },
                        Size {
                          "height": 12,
                          "width": 24,
                        },
                      ]
                    }
                  >
                    <View
                      style={
                        Array [
                          Object {
                            "borderColor": "#008EED",
                            "borderRadius": 12,
                            "borderWidth": 3.4,
                            "height": 24,
                            "width": 24,
                          },
                          undefined,
                        ]
                      }
                    />
                  </View>
                </View>
              </View>
            </View>
          </View>
        </View>
      </Modal>
    </View>
  </RCTScrollView>
</View>
`;
